// Jest Snapshot v1, https://goo.gl/fbAQLP

exports[`render List Same Films 1`] = `
<div
  className="catalog__movies-list"
/>
`;
