// Jest Snapshot v1, https://goo.gl/fbAQLP

exports[`render withUserReview 1`] = `<div />`;
