// Jest Snapshot v1, https://goo.gl/fbAQLP

exports[`render Logo 1`] = `
<div
  className="logo"
>
  <a
    className="logo__link additional-class additional-class_active"
    href="/"
    onClick={[Function]}
  >
    <span
      className="logo__letter logo__letter--1"
    >
      W
    </span>
    <span
      className="logo__letter logo__letter--2"
    >
      T
    </span>
    <span
      className="logo__letter logo__letter--3"
    >
      W
    </span>
  </a>
</div>
`;
