// Jest Snapshot v1, https://goo.gl/fbAQLP

exports[`render withActiveTab 1`] = `<div />`;
