// Jest Snapshot v1, https://goo.gl/fbAQLP

exports[`render withShowMore 1`] = `<div />`;
